******************************************************************************
                  TI ARM Linker PC v18.1.6                     
******************************************************************************
>> Linked Sun Feb  9 23:21:03 2020

OUTPUT FILE NAME:   <Projetct_FreeRTOS_blinky_RGB.out>
ENTRY POINT SYMBOL: "_c_int00_noargs"  address: 00003b11


MEMORY CONFIGURATION

         name            origin    length      used     unused   attr    fill
----------------------  --------  ---------  --------  --------  ----  --------
  FLASH                 00000000   00040000  00003e98  0003c168  R  X
  SRAM                  20000000   00008000  00000f6d  00007093  RW X


SEGMENT ALLOCATION MAP

run origin  load origin   length   init length attrs members
----------  ----------- ---------- ----------- ----- -------
00000000    00000000    00003e98   00003e98    r-x
  00000000    00000000    0000026c   0000026c    r-- .intvecs
  0000026c    0000026c    00003a58   00003a58    r-x .text
  00003cc4    00003cc4    0000018c   0000018c    r-- .const
  00003e50    00003e50    00000048   00000048    r-- .cinit
20000000    20000000    00000f74   00000000    rw-
  20000000    20000000    00000d01   00000000    rw- .bss
  20000d08    20000d08    00000200   00000000    rw- .stack
  20000f08    20000f08    0000006c   00000000    rw- .data


SECTION ALLOCATION MAP

 output                                  attributes/
section   page    origin      length       input sections
--------  ----  ----------  ----------   ----------------
.intvecs   0    00000000    0000026c     
                  00000000    0000026c     tm4c123gh6pm_startup_ccs.obj (.intvecs)

.text      0    0000026c    00003a58     
                  0000026c    0000150c     tasks.obj (.text)
                  00001778    00000d0c     queue.obj (.text)
                  00002484    0000035c     main.obj (.text)
                  000027e0    00000314     uartstdio.obj (.text)
                  00002af4    000002e4     port.obj (.text)
                  00002dd8    000002d8     rgb.obj (.text)
                  000030b0    00000132     driverlib.lib : gpio.obj (.text:GPIOPadConfigSet)
                  000031e2    00000002     rtsv7M4_T_le_v4SPD16_eabi.lib : div0.asm.obj (.text)
                  000031e4    00000110     driverlib.lib : sysctl.obj (.text:SysCtlClockGet)
                  000032f4    00000110     heap_2.obj (.text)
                  00003404    000000f4     driverlib.lib : sysctl.obj (.text:SysCtlClockSet)
                  000034f8    000000da     portasm.obj (.text)
                  000035d2    00000002     --HOLE-- [fill = 0]
                  000035d4    000000c8     buttons.obj (.text)
                  0000369c    0000009c     rtsv7M4_T_le_v4SPD16_eabi.lib : memcpy_t2.asm.obj (.text)
                  00003738    00000092     list.obj (.text)
                  000037ca    0000007a     rtsv7M4_T_le_v4SPD16_eabi.lib : memset_t2.asm.obj (.text)
                  00003844    00000068     driverlib.lib : interrupt.obj (.text:IntEnable)
                  000038ac    00000068     rtsv7M4_T_le_v4SPD16_eabi.lib : copy_decompress_lzss.c.obj (.text:decompress:lzss:__TI_decompress_lzss)
                  00003914    00000060     driverlib.lib : timer.obj (.text:TimerConfigure)
                  00003974    00000050     rtsv7M4_T_le_v4SPD16_eabi.lib : fs_toull_t2.asm.obj (.text)
                  000039c4    00000048     driverlib.lib : gpio.obj (.text:GPIOPinConfigure)
                  00003a0c    00000046                   : uart.obj (.text:UARTConfigSetExpClk)
                  00003a52    00000002     --HOLE-- [fill = 0]
                  00003a54    00000044     rtsv7M4_T_le_v4SPD16_eabi.lib : autoinit.c.obj (.text:__TI_auto_init_nobinit_nopinit:__TI_auto_init_nobinit_nopinit)
                  00003a98    00000040                                   : u_divt2.asm.obj (.text)
                  00003ad8    00000038     driverlib.lib : sysctl.obj (.text:SysCtlPeripheralPresent)
                  00003b10    00000038     rtsv7M4_T_le_v4SPD16_eabi.lib : boot_cortex_m.c.obj (.text:_c_int00_noargs:_c_int00_noargs)
                  00003b48    00000034     driverlib.lib : sysctl.obj (.text:SysCtlPeripheralEnable)
                  00003b7c    0000002a                   : gpio.obj (.text:GPIODirModeSet)
                  00003ba6    00000002     --HOLE-- [fill = 0]
                  00003ba8    00000020                   : uart.obj (.text:UARTDisable)
                  00003bc8    00000018                   : timer.obj (.text:TimerDisable)
                  00003be0    00000014                   : uart.obj (.text:UARTEnable)
                  00003bf4    00000012                   : gpio.obj (.text:GPIOPinTypeGPIOInput)
                  00003c06    00000012                   : gpio.obj (.text:GPIOPinTypeTimer)
                  00003c18    00000012                   : gpio.obj (.text:GPIOPinTypeUART)
                  00003c2a    00000012                   : timer.obj (.text:TimerLoadSet)
                  00003c3c    00000012                   : timer.obj (.text:TimerMatchSet)
                  00003c4e    0000000e                   : timer.obj (.text:TimerEnable)
                  00003c5c    0000000e     rtsv7M4_T_le_v4SPD16_eabi.lib : copy_decompress_none.c.obj (.text:decompress:none:__TI_decompress_none)
                  00003c6a    0000000c                                   : copy_zero_init.c.obj (.text:decompress:ZI:__TI_zero_init)
                  00003c76    0000000c     tm4c123gh6pm_startup_ccs.obj (.text)
                  00003c82    0000000a     driverlib.lib : uart.obj (.text:UARTCharGet)
                  00003c8c    0000000a                   : uart.obj (.text:UARTCharPut)
                  00003c96    00000008                   : timer.obj (.text:TimerIntEnable)
                  00003c9e    00000008                   : timer.obj (.text:TimerLoadSet64)
                  00003ca6    00000006                   : gpio.obj (.text:GPIOPinRead)
                  00003cac    00000006                   : sysctl.obj (.text:SysCtlDelay)
                  00003cb2    00000006                   : uart.obj (.text:UARTClockSourceSet)
                  00003cb8    00000004                   : timer.obj (.text:TimerIntClear)
                  00003cbc    00000004     rtsv7M4_T_le_v4SPD16_eabi.lib : pre_init.c.obj (.text:_system_pre_init)
                  00003cc0    00000004                                   : exit.c.obj (.text:abort:abort)

.const     0    00003cc4    0000018c     
                  00003cc4    00000090     driverlib.lib : gpio.obj (.const:g_pui32GPIOBaseAddrs)
                  00003d54    00000070                   : interrupt.obj (.const)
                  00003dc4    0000006c                   : sysctl.obj (.const:g_pui32Xtals)
                  00003e30    0000000c     uartstdio.obj (.const:g_ui32UARTBase)
                  00003e3c    0000000c     uartstdio.obj (.const:g_ui32UARTPeriph)
                  00003e48    00000008     port.obj (.const)

.cinit     0    00003e50    00000048     
                  00003e50    0000001f     (.cinit..data.load) [load image, compression = lzss]
                  00003e6f    00000001     --HOLE-- [fill = 0]
                  00003e70    0000000c     (__TI_handler_table)
                  00003e7c    00000004     --HOLE-- [fill = 0]
                  00003e80    00000008     (.cinit..bss.load) [load image, compression = zero_init]
                  00003e88    00000010     (__TI_cinit_table)

.init_array 
*          0    00000000    00000000     UNINITIALIZED

.bss       0    20000000    00000d01     UNINITIALIZED
                  20000000    00000bb8     heap_2.obj (.bss:ucHeap)
                  20000bb8    00000064     tasks.obj (.bss:pxReadyTasksLists)
                  20000c1c    00000050     (.common:xQueueRegistry)
                  20000c6c    00000014     tasks.obj (.bss:xDelayedTaskList1)
                  20000c80    00000014     tasks.obj (.bss:xDelayedTaskList2)
                  20000c94    00000014     tasks.obj (.bss:xPendingReadyList)
                  20000ca8    00000014     tasks.obj (.bss:xSuspendedTaskList)
                  20000cbc    00000014     tasks.obj (.bss:xTasksWaitingTermination)
                  20000cd0    0000000c     rgb.obj (.bss:g_ui32Colors)
                  20000cdc    00000008     tasks.obj (.bss)
                  20000ce4    00000008     heap_2.obj (.bss:xEnd)
                  20000cec    00000008     heap_2.obj (.bss:xStart)
                  20000cf4    00000004     rgb.obj (.bss)
                  20000cf8    00000004     (.common:g_pLEDQueue)
                  20000cfc    00000004     (.common:g_pUARTSemaphore)
                  20000d00    00000001     main.obj (.bss)

.data      0    20000f08    0000006c     UNINITIALIZED
                  20000f08    00000034     tasks.obj (.data)
                  20000f3c    00000018     port.obj (.data)
                  20000f54    0000000c     main.obj (.data:g_pui32Colors)
                  20000f60    00000008     heap_2.obj (.data)
                  20000f68    00000005     uartstdio.obj (.data)
                  20000f6d    00000003     buttons.obj (.data)
                  20000f70    00000004     rgb.obj (.data)

.stack     0    20000d08    00000200     UNINITIALIZED
                  20000d08    00000004     rtsv7M4_T_le_v4SPD16_eabi.lib : boot_cortex_m.c.obj (.stack)
                  20000d0c    000001fc     --HOLE--

MODULE SUMMARY

       Module                         code    ro data   rw data
       ------                         ----    -------   -------
    .\
       main.obj                       860     0         21     
       tm4c123gh6pm_startup_ccs.obj   12      620       0      
    +--+------------------------------+-------+---------+---------+
       Total:                         872     620       21     
                                                               
    .\Drivers\
       rgb.obj                        728     0         20     
       buttons.obj                    200     0         3      
    +--+------------------------------+-------+---------+---------+
       Total:                         928     0         23     
                                                               
    .\FreeRTOS\
       tasks.obj                      5388    0         260    
       queue.obj                      3340    0         80     
       list.obj                       146     0         0      
    +--+------------------------------+-------+---------+---------+
       Total:                         8874    0         340    
                                                               
    .\Portable\
       heap_2.obj                     272     0         3024   
       port.obj                       740     8         24     
       portasm.obj                    218     0         0      
    +--+------------------------------+-------+---------+---------+
       Total:                         1230    8         3048   
                                                               
    .\Utils\
       uartstdio.obj                  788     24        5      
    +--+------------------------------+-------+---------+---------+
       Total:                         788     24        5      
                                                               
    C:/ti/TivaWare_C_Series-2.1.4.178/driverlib/ccs/Debug/driverlib.lib
       sysctl.obj                     630     108       0      
       gpio.obj                       480     144       0      
       interrupt.obj                  104     112       0      
       timer.obj                      190     0         0      
       uart.obj                       148     0         0      
    +--+------------------------------+-------+---------+---------+
       Total:                         1552    364       0      
                                                               
    C:\ti\ccs831\ccsv8\tools\compiler\ti-cgt-arm_18.1.6.LTS\lib\rtsv7M4_T_le_v4SPD16_eabi.lib
       memcpy_t2.asm.obj              156     0         0      
       memset_t2.asm.obj              122     0         0      
       copy_decompress_lzss.c.obj     104     0         0      
       fs_toull_t2.asm.obj            80      0         0      
       autoinit.c.obj                 68      0         0      
       u_divt2.asm.obj                64      0         0      
       boot_cortex_m.c.obj            56      0         0      
       copy_decompress_none.c.obj     14      0         0      
       copy_zero_init.c.obj           12      0         0      
       exit.c.obj                     4       0         0      
       pre_init.c.obj                 4       0         0      
       div0.asm.obj                   2       0         0      
    +--+------------------------------+-------+---------+---------+
       Total:                         686     0         0      
                                                               
       Stack:                         0       0         512    
       Linker Generated:              0       67        0      
    +--+------------------------------+-------+---------+---------+
       Grand Total:                   14930   1083      3949   


LINKER GENERATED COPY TABLES

__TI_cinit_table @ 00003e88 records: 2, size/record: 8, table size: 16
	.data: load addr=00003e50, load size=0000001f bytes, run addr=20000f08, run size=0000006c bytes, compression=lzss
	.bss: load addr=00003e80, load size=00000008 bytes, run addr=20000000, run size=00000d01 bytes, compression=zero_init


LINKER GENERATED HANDLER TABLE

__TI_handler_table @ 00003e70 records: 3, size/record: 4, table size: 12
	index: 0, handler: __TI_decompress_lzss
	index: 1, handler: __TI_decompress_none
	index: 2, handler: __TI_zero_init


GLOBAL SYMBOLS: SORTED ALPHABETICALLY BY Name 

address   name                               
-------   ----                               
00003643  ButtonsInit                        
000035d5  ButtonsPoll                        
00003cc1  C$$EXIT                            
00002487  ConfigureUART                      
00003b7d  GPIODirModeSet                     
000030b1  GPIOPadConfigSet                   
000039c5  GPIOPinConfigure                   
00003ca7  GPIOPinRead                        
00003bf5  GPIOPinTypeGPIOInput               
00003c07  GPIOPinTypeTimer                   
00003c19  GPIOPinTypeUART                    
00003845  IntEnable                          
000024c3  LEDTaskInit                        
00003053  RGBBlinkIntHandler                 
00002fef  RGBBlinkRateSet                    
00002fd7  RGBColorGet                        
00002dd9  RGBColorSet                        
00002f99  RGBDisable                         
00002e6f  RGBEnable                          
00002ee3  RGBInit                            
00002e47  RGBIntensitySet                    
00002e53  RGBSet                             
00003c77  ResetISR                           
00002525  SwitchTaskInit                     
000031e5  SysCtlClockGet                     
00003405  SysCtlClockSet                     
00003cad  SysCtlDelay                        
00003b49  SysCtlPeripheralEnable             
00003ad9  SysCtlPeripheralPresent            
00003915  TimerConfigure                     
00003bc9  TimerDisable                       
00003c4f  TimerEnable                        
00003cb9  TimerIntClear                      
00003c97  TimerIntEnable                     
00003c2b  TimerLoadSet                       
00003c9f  TimerLoadSet64                     
00003c3d  TimerMatchSet                      
00003c83  UARTCharGet                        
00003c8d  UARTCharPut                        
00003cb3  UARTClockSourceSet                 
00003a0d  UARTConfigSetExpClk                
00003ba9  UARTDisable                        
00003be1  UARTEnable                         
00002a81  UARTStdioConfig                    
00002a73  UARTgetc                           
000029fb  UARTgets                           
000029e1  UARTprintf                         
00002813  UARTvprintf                        
000027e1  UARTwrite                          
20000f08  __STACK_END                        
00000200  __STACK_SIZE                       
20000f08  __STACK_TOP                        
00003e88  __TI_CINIT_Base                    
00003e98  __TI_CINIT_Limit                   
00003e70  __TI_Handler_Table_Base            
00003e7c  __TI_Handler_Table_Limit           
00003a55  __TI_auto_init_nobinit_nopinit     
000038ad  __TI_decompress_lzss               
00003c5d  __TI_decompress_none               
ffffffff  __TI_pprof_out_hndl                
ffffffff  __TI_prof_data_size                
ffffffff  __TI_prof_data_start               
00000000  __TI_static_base__                 
00003c6b  __TI_zero_init                     
00003975  __aeabi_f2ulz                      
000031e3  __aeabi_idiv0                      
000031e3  __aeabi_ldiv0                      
000037cb  __aeabi_memclr                     
000037cb  __aeabi_memclr4                    
000037cb  __aeabi_memclr8                    
0000369d  __aeabi_memcpy                     
0000369d  __aeabi_memcpy4                    
0000369d  __aeabi_memcpy8                    
000037cd  __aeabi_memset                     
000037cd  __aeabi_memset4                    
000037cd  __aeabi_memset8                    
00003a99  __aeabi_uidiv                      
00003a99  __aeabi_uidivmod                   
ffffffff  __binit__                          
ffffffff  __c_args__                         
UNDEFED   __mpu_init                         
20000d08  __stack                            
00003b11  _c_int00_noargs                    
UNDEFED   _system_post_cinit                 
00003cbd  _system_pre_init                   
00003cc1  abort                              
ffffffff  binit                              
0000171d  eTaskConfirmSleepModeStatus        
0000119d  eTaskGetState                      
20000cf8  g_pLEDQueue                        
20000cfc  g_pUARTSemaphore                   
00000000  g_pfnVectors                       
00002553  main                               
0000369d  memcpy                             
000037d3  memset                             
0000245d  pcQueueGetName                     
000016f7  pcTaskGetName                      
0000335d  pvPortMalloc                       
00001611  pvTaskGetThreadLocalStoragePointer 
000015f9  pvTaskIncrementMutexHeldCount      
20000f08  pxCurrentTCB                       
00002d5f  pxPortInitialiseStack              
00002457  ucQueueGetQueueType                
00003e48  ulMaxSyscallInterruptPriority      
00003509  ulPortGetIPSR                      
00001599  ulTaskNotifyTake                   
000037a5  uxListRemove                       
00002453  uxQueueGetQueueNumber              
0000242f  uxQueueMessagesWaiting             
00002415  uxQueueMessagesWaitingFromISR      
000023ef  uxQueueSpacesAvailable             
00001589  uxTaskGetNumberOfTasks             
000014ef  uxTaskGetSystemState               
00001475  uxTaskGetTaskNumber                
0000145d  uxTaskPriorityGet                  
00001431  uxTaskPriorityGetFromISR           
00001417  uxTaskResetEventItemValue          
00002485  vApplicationStackOverflowHook      
0000378f  vListInitialise                    
00003789  vListInitialiseItem                
00003751  vListInsert                        
00003739  vListInsertEnd                     
000035c5  vPortEnableVFP                     
00002d43  vPortEndScheduler                  
00002d0f  vPortEnterCritical                 
00002ceb  vPortExitCritical                  
000032fd  vPortFree                          
000032fb  vPortInitialiseBlocks              
00003581  vPortSVCHandler                    
00002b1b  vPortSetupTimerInterrupt           
000035a1  vPortStartFirstTask                
00002c13  vPortSuppressTicksAndSleep         
00002bc7  vPortValidateInterruptPriority     
000023d3  vQueueAddToRegistry                
000023b1  vQueueDelete                       
000023ad  vQueueSetQueueNumber               
00002391  vQueueUnregisterQueue              
000013d5  vTaskDelay                         
00001345  vTaskDelayUntil                    
000012a9  vTaskDelete                        
0000127f  vTaskEndScheduler                  
00001215  vTaskGetInfo                       
00000b9b  vTaskInternalSetTimeOutState       
00001195  vTaskMissedYield                   
000010e3  vTaskNotifyGiveFromISR             
000010b9  vTaskPlaceOnEventList              
00001065  vTaskPlaceOnUnorderedEventList     
00000fc9  vTaskPriorityDisinheritAfterTimeout
00000f11  vTaskPrioritySet                   
00000e95  vTaskRemoveFromUnorderedEventList  
00000e1d  vTaskResume                        
00000e17  vTaskSetTaskNumber                 
00000e05  vTaskSetThreadLocalStoragePointer  
00000dd9  vTaskSetTimeOutState               
00000d7d  vTaskStartScheduler                
00000d37  vTaskStepTick                      
00000c9d  vTaskSuspend                       
00000c93  vTaskSuspendAll                    
00000c25  vTaskSwitchContext                 
000032f5  xPortGetFreeHeapSize               
00003521  xPortPendSVHandler                 
00002b45  xPortStartScheduler                
00002af5  xPortSysTickHandler                
00002369  xQueueAddToSet                     
00002331  xQueueCreateCountingSemaphore      
0000231b  xQueueCreateMutex                  
000022ff  xQueueCreateSet                    
000022bd  xQueueGenericCreate                
00002207  xQueueGenericReset                 
00001eeb  xQueueGenericSend                  
00002145  xQueueGenericSendFromISR           
0000209b  xQueueGiveFromISR                  
0000205d  xQueueGiveMutexRecursive           
00001eb1  xQueueIsQueueEmptyFromISR          
00001e91  xQueueIsQueueFullFromISR           
00001d5d  xQueuePeek                         
00001ce7  xQueuePeekFromISR                  
00001b73  xQueueReceive                      
00001ad3  xQueueReceiveFromISR               
20000c1c  xQueueRegistry                     
00001cc5  xQueueRemoveFromSet                
00001cb3  xQueueSelectFromSet                
00001b63  xQueueSelectFromSetFromISR         
000018f9  xQueueSemaphoreTake                
00001a73  xQueueTakeMutexRecursive           
00000bad  xTaskCheckForTimeOut               
00000b3d  xTaskCreate                        
000008d9  xTaskGenericNotify                 
000007db  xTaskGenericNotifyFromISR          
000007d5  xTaskGetCurrentTaskHandle          
000007bd  xTaskGetSchedulerState             
000007b1  xTaskGetTickCount                  
000007a5  xTaskGetTickCountFromISR           
00000335  xTaskIncrementTick                 
00000779  xTaskNotifyStateClear              
000006f9  xTaskNotifyWait                    
00000611  xTaskPriorityDisinherit            
00000575  xTaskPriorityInherit               
000004f3  xTaskRemoveFromEventList           
00000425  xTaskResumeAll                     
00000299  xTaskResumeFromISR                 


GLOBAL SYMBOLS: SORTED BY Symbol Address 

address   name                               
-------   ----                               
00000000  __TI_static_base__                 
00000000  g_pfnVectors                       
00000200  __STACK_SIZE                       
00000299  xTaskResumeFromISR                 
00000335  xTaskIncrementTick                 
00000425  xTaskResumeAll                     
000004f3  xTaskRemoveFromEventList           
00000575  xTaskPriorityInherit               
00000611  xTaskPriorityDisinherit            
000006f9  xTaskNotifyWait                    
00000779  xTaskNotifyStateClear              
000007a5  xTaskGetTickCountFromISR           
000007b1  xTaskGetTickCount                  
000007bd  xTaskGetSchedulerState             
000007d5  xTaskGetCurrentTaskHandle          
000007db  xTaskGenericNotifyFromISR          
000008d9  xTaskGenericNotify                 
00000b3d  xTaskCreate                        
00000b9b  vTaskInternalSetTimeOutState       
00000bad  xTaskCheckForTimeOut               
00000c25  vTaskSwitchContext                 
00000c93  vTaskSuspendAll                    
00000c9d  vTaskSuspend                       
00000d37  vTaskStepTick                      
00000d7d  vTaskStartScheduler                
00000dd9  vTaskSetTimeOutState               
00000e05  vTaskSetThreadLocalStoragePointer  
00000e17  vTaskSetTaskNumber                 
00000e1d  vTaskResume                        
00000e95  vTaskRemoveFromUnorderedEventList  
00000f11  vTaskPrioritySet                   
00000fc9  vTaskPriorityDisinheritAfterTimeout
00001065  vTaskPlaceOnUnorderedEventList     
000010b9  vTaskPlaceOnEventList              
000010e3  vTaskNotifyGiveFromISR             
00001195  vTaskMissedYield                   
0000119d  eTaskGetState                      
00001215  vTaskGetInfo                       
0000127f  vTaskEndScheduler                  
000012a9  vTaskDelete                        
00001345  vTaskDelayUntil                    
000013d5  vTaskDelay                         
00001417  uxTaskResetEventItemValue          
00001431  uxTaskPriorityGetFromISR           
0000145d  uxTaskPriorityGet                  
00001475  uxTaskGetTaskNumber                
000014ef  uxTaskGetSystemState               
00001589  uxTaskGetNumberOfTasks             
00001599  ulTaskNotifyTake                   
000015f9  pvTaskIncrementMutexHeldCount      
00001611  pvTaskGetThreadLocalStoragePointer 
000016f7  pcTaskGetName                      
0000171d  eTaskConfirmSleepModeStatus        
000018f9  xQueueSemaphoreTake                
00001a73  xQueueTakeMutexRecursive           
00001ad3  xQueueReceiveFromISR               
00001b63  xQueueSelectFromSetFromISR         
00001b73  xQueueReceive                      
00001cb3  xQueueSelectFromSet                
00001cc5  xQueueRemoveFromSet                
00001ce7  xQueuePeekFromISR                  
00001d5d  xQueuePeek                         
00001e91  xQueueIsQueueFullFromISR           
00001eb1  xQueueIsQueueEmptyFromISR          
00001eeb  xQueueGenericSend                  
0000205d  xQueueGiveMutexRecursive           
0000209b  xQueueGiveFromISR                  
00002145  xQueueGenericSendFromISR           
00002207  xQueueGenericReset                 
000022bd  xQueueGenericCreate                
000022ff  xQueueCreateSet                    
0000231b  xQueueCreateMutex                  
00002331  xQueueCreateCountingSemaphore      
00002369  xQueueAddToSet                     
00002391  vQueueUnregisterQueue              
000023ad  vQueueSetQueueNumber               
000023b1  vQueueDelete                       
000023d3  vQueueAddToRegistry                
000023ef  uxQueueSpacesAvailable             
00002415  uxQueueMessagesWaitingFromISR      
0000242f  uxQueueMessagesWaiting             
00002453  uxQueueGetQueueNumber              
00002457  ucQueueGetQueueType                
0000245d  pcQueueGetName                     
00002485  vApplicationStackOverflowHook      
00002487  ConfigureUART                      
000024c3  LEDTaskInit                        
00002525  SwitchTaskInit                     
00002553  main                               
000027e1  UARTwrite                          
00002813  UARTvprintf                        
000029e1  UARTprintf                         
000029fb  UARTgets                           
00002a73  UARTgetc                           
00002a81  UARTStdioConfig                    
00002af5  xPortSysTickHandler                
00002b1b  vPortSetupTimerInterrupt           
00002b45  xPortStartScheduler                
00002bc7  vPortValidateInterruptPriority     
00002c13  vPortSuppressTicksAndSleep         
00002ceb  vPortExitCritical                  
00002d0f  vPortEnterCritical                 
00002d43  vPortEndScheduler                  
00002d5f  pxPortInitialiseStack              
00002dd9  RGBColorSet                        
00002e47  RGBIntensitySet                    
00002e53  RGBSet                             
00002e6f  RGBEnable                          
00002ee3  RGBInit                            
00002f99  RGBDisable                         
00002fd7  RGBColorGet                        
00002fef  RGBBlinkRateSet                    
00003053  RGBBlinkIntHandler                 
000030b1  GPIOPadConfigSet                   
000031e3  __aeabi_idiv0                      
000031e3  __aeabi_ldiv0                      
000031e5  SysCtlClockGet                     
000032f5  xPortGetFreeHeapSize               
000032fb  vPortInitialiseBlocks              
000032fd  vPortFree                          
0000335d  pvPortMalloc                       
00003405  SysCtlClockSet                     
00003509  ulPortGetIPSR                      
00003521  xPortPendSVHandler                 
00003581  vPortSVCHandler                    
000035a1  vPortStartFirstTask                
000035c5  vPortEnableVFP                     
000035d5  ButtonsPoll                        
00003643  ButtonsInit                        
0000369d  __aeabi_memcpy                     
0000369d  __aeabi_memcpy4                    
0000369d  __aeabi_memcpy8                    
0000369d  memcpy                             
00003739  vListInsertEnd                     
00003751  vListInsert                        
00003789  vListInitialiseItem                
0000378f  vListInitialise                    
000037a5  uxListRemove                       
000037cb  __aeabi_memclr                     
000037cb  __aeabi_memclr4                    
000037cb  __aeabi_memclr8                    
000037cd  __aeabi_memset                     
000037cd  __aeabi_memset4                    
000037cd  __aeabi_memset8                    
000037d3  memset                             
00003845  IntEnable                          
000038ad  __TI_decompress_lzss               
00003915  TimerConfigure                     
00003975  __aeabi_f2ulz                      
000039c5  GPIOPinConfigure                   
00003a0d  UARTConfigSetExpClk                
00003a55  __TI_auto_init_nobinit_nopinit     
00003a99  __aeabi_uidiv                      
00003a99  __aeabi_uidivmod                   
00003ad9  SysCtlPeripheralPresent            
00003b11  _c_int00_noargs                    
00003b49  SysCtlPeripheralEnable             
00003b7d  GPIODirModeSet                     
00003ba9  UARTDisable                        
00003bc9  TimerDisable                       
00003be1  UARTEnable                         
00003bf5  GPIOPinTypeGPIOInput               
00003c07  GPIOPinTypeTimer                   
00003c19  GPIOPinTypeUART                    
00003c2b  TimerLoadSet                       
00003c3d  TimerMatchSet                      
00003c4f  TimerEnable                        
00003c5d  __TI_decompress_none               
00003c6b  __TI_zero_init                     
00003c77  ResetISR                           
00003c83  UARTCharGet                        
00003c8d  UARTCharPut                        
00003c97  TimerIntEnable                     
00003c9f  TimerLoadSet64                     
00003ca7  GPIOPinRead                        
00003cad  SysCtlDelay                        
00003cb3  UARTClockSourceSet                 
00003cb9  TimerIntClear                      
00003cbd  _system_pre_init                   
00003cc1  C$$EXIT                            
00003cc1  abort                              
00003e48  ulMaxSyscallInterruptPriority      
00003e70  __TI_Handler_Table_Base            
00003e7c  __TI_Handler_Table_Limit           
00003e88  __TI_CINIT_Base                    
00003e98  __TI_CINIT_Limit                   
20000c1c  xQueueRegistry                     
20000cf8  g_pLEDQueue                        
20000cfc  g_pUARTSemaphore                   
20000d08  __stack                            
20000f08  __STACK_END                        
20000f08  __STACK_TOP                        
20000f08  pxCurrentTCB                       
ffffffff  __TI_pprof_out_hndl                
ffffffff  __TI_prof_data_size                
ffffffff  __TI_prof_data_start               
ffffffff  __binit__                          
ffffffff  __c_args__                         
ffffffff  binit                              
UNDEFED   __mpu_init                         
UNDEFED   _system_post_cinit                 

[201 symbols]
